// Jest Snapshot v1, https://goo.gl/fbAQLP

exports[`single text chunk can move cursor forward - starting from middle 1`] = `
"<>
  <0>
    "a" {}
    "bcdefghijklmnopqrstuvwxyz" { -1 = [ !u ] }
"
`;

exports[`single text chunk can move cursor forward - starting from middle 2`] = `
"<>
  <0>
    "ab" {}
    "cdefghijklmnopqrstuvwxyz" { -1 = [ !u ] }
"
`;

exports[`single text chunk can move cursor forward - starting from middle 3`] = `
"<>
  <0>
    "abcd" {}
    "efghijklmnopqrstuvwxyz" { -1 = [ !u ] }
"
`;

exports[`single text chunk can move cursor forward - starting the beginning of the string 1`] = `
"<>
  <0>
    "abcdefghijklmnopqrstuvwxyz" { -1 = [ !u ] }
"
`;

exports[`single text chunk can move cursor forward - starting the beginning of the string 2`] = `
"<>
  <0>
    "a" {}
    "bcdefghijklmnopqrstuvwxyz" { -1 = [ !u ] }
"
`;

exports[`single text chunk can move cursor forward - starting the beginning of the string 3`] = `
"<>
  <0>
    "abc" {}
    "defghijklmnopqrstuvwxyz" { -1 = [ !u ] }
"
`;

exports[`two chunks can move cursor forward - starting from middle 1`] = `
"<>
  <0>
    "a" {}
    "bcdefghijklmnopqrstuvwxyz" { -1 = [ !u ] }
"
`;

exports[`two chunks can move cursor forward - starting from middle 2`] = `
"<>
  <0>
    "ab" {}
    "cdefghijklmnopqrstuvwxyz" { -1 = [ !u ] }
"
`;

exports[`two chunks can move cursor forward - starting from middle 3`] = `
"<>
  <0>
    "abcd" {}
    "efghijklmnopqrstuvwxyz" { -1 = [ !u ] }
"
`;

exports[`two chunks can move cursor forward - starting the beginning of the string 1`] = `
"<>
  <0>
    "abcdefghijklmnopqrstuvwxyz" { -1 = [ !u ] }
"
`;

exports[`two chunks can move cursor forward - starting the beginning of the string 2`] = `
"<>
  <0>
    "a" {}
    "bcdefghijklmnopqrstuvwxyz" { -1 = [ !u ] }
"
`;

exports[`two chunks can move cursor forward - starting the beginning of the string 3`] = `
"<>
  <0>
    "abc" {}
    "defghijklmnopqrstuvwxyz" { -1 = [ !u ] }
"
`;

exports[`with chunk split can move cursor forward - starting from middle 1`] = `
"<>
  <0>
    "a" {}
    "bcdefghijklmnopqrstuvwxyz" { -1 = [ !u ] }
"
`;

exports[`with chunk split can move cursor forward - starting from middle 2`] = `
"<>
  <0>
    "ab" {}
    "cdefghijklmnopqrstuvwxyz" { -1 = [ !u ] }
"
`;

exports[`with chunk split can move cursor forward - starting from middle 3`] = `
"<>
  <0>
    "abcd" {}
    "efghijklmnopqrstuvwxyz" { -1 = [ !u ] }
"
`;

exports[`with chunk split can move cursor forward - starting the beginning of the string 1`] = `
"<>
  <0>
    "abcdefghijklmnopqrstuvwxyz" { -1 = [ !u ] }
"
`;

exports[`with chunk split can move cursor forward - starting the beginning of the string 2`] = `
"<>
  <0>
    "a" {}
    "bcdefghijklmnopqrstuvwxyz" { -1 = [ !u ] }
"
`;

exports[`with chunk split can move cursor forward - starting the beginning of the string 3`] = `
"<>
  <0>
    "abc" {}
    "defghijklmnopqrstuvwxyz" { -1 = [ !u ] }
"
`;

exports[`with deletes can move cursor forward - starting from middle 1`] = `
"<>
  <0>
    "a" {}
    "bcdefghijklmnopqrstuvwxyz" { -1 = [ !u ] }
"
`;

exports[`with deletes can move cursor forward - starting from middle 2`] = `
"<>
  <0>
    "ab" {}
    "cdefghijklmnopqrstuvwxyz" { -1 = [ !u ] }
"
`;

exports[`with deletes can move cursor forward - starting from middle 3`] = `
"<>
  <0>
    "abcd" {}
    "efghijklmnopqrstuvwxyz" { -1 = [ !u ] }
"
`;

exports[`with deletes can move cursor forward - starting the beginning of the string 1`] = `
"<>
  <0>
    "abcdefghijklmnopqrstuvwxyz" { -1 = [ !u ] }
"
`;

exports[`with deletes can move cursor forward - starting the beginning of the string 2`] = `
"<>
  <0>
    "a" {}
    "bcdefghijklmnopqrstuvwxyz" { -1 = [ !u ] }
"
`;

exports[`with deletes can move cursor forward - starting the beginning of the string 3`] = `
"<>
  <0>
    "abc" {}
    "defghijklmnopqrstuvwxyz" { -1 = [ !u ] }
"
`;

exports[`written in reverse can move cursor forward - starting from middle 1`] = `
"<>
  <0>
    "a" {}
    "bcdefghijklmnopqrstuvwxyz" { -1 = [ !u ] }
"
`;

exports[`written in reverse can move cursor forward - starting from middle 2`] = `
"<>
  <0>
    "ab" {}
    "cdefghijklmnopqrstuvwxyz" { -1 = [ !u ] }
"
`;

exports[`written in reverse can move cursor forward - starting from middle 3`] = `
"<>
  <0>
    "abcd" {}
    "efghijklmnopqrstuvwxyz" { -1 = [ !u ] }
"
`;

exports[`written in reverse can move cursor forward - starting the beginning of the string 1`] = `
"<>
  <0>
    "abcdefghijklmnopqrstuvwxyz" { -1 = [ !u ] }
"
`;

exports[`written in reverse can move cursor forward - starting the beginning of the string 2`] = `
"<>
  <0>
    "a" {}
    "bcdefghijklmnopqrstuvwxyz" { -1 = [ !u ] }
"
`;

exports[`written in reverse can move cursor forward - starting the beginning of the string 3`] = `
"<>
  <0>
    "abc" {}
    "defghijklmnopqrstuvwxyz" { -1 = [ !u ] }
"
`;

exports[`written in reverse with deletes can move cursor forward - starting from middle 1`] = `
"<>
  <0>
    "a" {}
    "bcdefghijklmnopqrstuvwxyz" { -1 = [ !u ] }
"
`;

exports[`written in reverse with deletes can move cursor forward - starting from middle 2`] = `
"<>
  <0>
    "ab" {}
    "cdefghijklmnopqrstuvwxyz" { -1 = [ !u ] }
"
`;

exports[`written in reverse with deletes can move cursor forward - starting from middle 3`] = `
"<>
  <0>
    "abcd" {}
    "efghijklmnopqrstuvwxyz" { -1 = [ !u ] }
"
`;

exports[`written in reverse with deletes can move cursor forward - starting the beginning of the string 1`] = `
"<>
  <0>
    "abcdefghijklmnopqrstuvwxyz" { -1 = [ !u ] }
"
`;

exports[`written in reverse with deletes can move cursor forward - starting the beginning of the string 2`] = `
"<>
  <0>
    "a" {}
    "bcdefghijklmnopqrstuvwxyz" { -1 = [ !u ] }
"
`;

exports[`written in reverse with deletes can move cursor forward - starting the beginning of the string 3`] = `
"<>
  <0>
    "abc" {}
    "defghijklmnopqrstuvwxyz" { -1 = [ !u ] }
"
`;
